============================= test session starts =============================
platform win32 -- Python 3.12.6, pytest-9.0.2, pluggy-1.6.0 -- C:\Python312\python.exe
cachedir: .pytest_cache
rootdir: C:\Users\Advika Nagool\Desktop\Hiv\core
configfile: pyproject.toml
plugins: anyio-4.10.0, langsmith-0.4.31, asyncio-1.3.0, xdist-3.8.0, typeguard-4.4.4
asyncio: mode=Mode.STRICT, debug=False, asyncio_default_fixture_loop_scope=None, asyncio_default_test_loop_scope=function
collecting ... collected 273 items

core\tests\test_builder.py::TestBuilderQueryBasics::test_get_run_summary PASSED [  0%]
core\tests\test_builder.py::TestBuilderQueryBasics::test_get_full_run PASSED [  0%]
core\tests\test_builder.py::TestBuilderQueryBasics::test_list_runs_for_goal PASSED [  1%]
core\tests\test_builder.py::TestBuilderQueryBasics::test_get_recent_failures FAILED [  1%]
core\tests\test_builder.py::TestFailureAnalysis::test_analyze_failure FAILED [  1%]
core\tests\test_builder.py::TestFailureAnalysis::test_analyze_failure_returns_none_for_success PASSED [  2%]
core\tests\test_builder.py::TestFailureAnalysis::test_failure_analysis_has_suggestions FAILED [  2%]
core\tests\test_builder.py::TestFailureAnalysis::test_get_decision_trace PASSED [  2%]
core\tests\test_builder.py::TestPatternAnalysis::test_find_patterns_basic FAILED [  3%]
core\tests\test_builder.py::TestPatternAnalysis::test_find_patterns_common_failures FAILED [  3%]
core\tests\test_builder.py::TestPatternAnalysis::test_find_patterns_problematic_nodes FAILED [  4%]
core\tests\test_builder.py::TestPatternAnalysis::test_compare_runs FAILED [  4%]
core\tests\test_builder.py::TestImprovementSuggestions::test_suggest_improvements FAILED [  4%]
core\tests\test_builder.py::TestImprovementSuggestions::test_suggest_improvements_for_low_success_rate FAILED [  5%]
core\tests\test_builder.py::TestImprovementSuggestions::test_get_node_performance PASSED [  5%]
core\tests\test_builder.py::TestBuilderWorkflow::test_builder_investigation_workflow FAILED [  5%]
core\tests\test_execution_stream.py::test_execution_stream_retention PASSED [  6%]
core\tests\test_executor_max_retries.py::test_executor_respects_custom_max_retries_high PASSED [  6%]
core\tests\test_executor_max_retries.py::test_executor_respects_custom_max_retries_low PASSED [  6%]
core\tests\test_executor_max_retries.py::test_executor_respects_default_max_retries PASSED [  7%]
core\tests\test_executor_max_retries.py::test_executor_max_retries_two_succeeds_on_second PASSED [  7%]
core\tests\test_executor_max_retries.py::test_executor_different_nodes_different_max_retries PASSED [  8%]
core\tests\test_fanout.py::test_fanout_triggers_on_multiple_success_edges PASSED [  8%]
core\tests\test_fanout.py::test_branches_execute_concurrently PASSED     [  8%]
